>>> tests/invalid/test10.var
Error at line 2: redeclaration of variable 'x'
Parsing failed
Variable already exists


>>> tests/invalid/test1.var
Error at line 1: assignment to undeclared variable 'x'
Parse error at line 3: syntax error, unexpected DIV, expecting end of file
Parsing failed
Variable not declared


>>> tests/invalid/test2.var
Parse error at line 2: syntax error, unexpected IDENTIFIER, expecting SEMI
Parsing failed


>>> tests/invalid/test3.var
Parse error at line 7: syntax error, unexpected end of file
Parsing failed


>>> tests/invalid/test4.var
Parse error at line 1: syntax error, unexpected SEMI
Parsing failed


>>> tests/invalid/test5.var
Error at line 1: assignment to undeclared variable 'x'
Parsing failed
Variable not declared


>>> tests/invalid/test6.var
Parse error at line 1: syntax error, unexpected LPAREN, expecting end of file
Parsing failed


>>> tests/invalid/test7.var
Lexical error at line 2: unknown character '&'


>>> tests/invalid/test8.var
Parse error at line 1: syntax error, unexpected RPAREN
Parsing failed


>>> tests/invalid/test9.var
Parse error at line 1: syntax error, unexpected SEMI, expecting RPAREN
Parsing failed


